------------------------------------------------------------
Timing Analyzer Summary
------------------------------------------------------------

Type  : Slow 1200mV 85C Model Setup 'bakingState:bake|secondsClock:clock4|new_clk'
Slack : -17.318
TNS   : -274.864

Type  : Slow 1200mV 85C Model Setup 'secondsClock:clock1|new_clk'
Slack : -4.785
TNS   : -92.313

Type  : Slow 1200mV 85C Model Setup 'clk'
Slack : -3.073
TNS   : -81.041

Type  : Slow 1200mV 85C Model Setup 'ovenClock:ovenClk|secondsClock:clock1|new_clk'
Slack : -2.247
TNS   : -27.867

Type  : Slow 1200mV 85C Model Setup 'temp_input:tmp_in|secondsClock:clock2|new_clk'
Slack : -1.749
TNS   : -20.057

Type  : Slow 1200mV 85C Model Hold 'bakingState:bake|secondsClock:clock4|new_clk'
Slack : 0.331
TNS   : 0.000

Type  : Slow 1200mV 85C Model Hold 'temp_input:tmp_in|secondsClock:clock2|new_clk'
Slack : 0.348
TNS   : 0.000

Type  : Slow 1200mV 85C Model Hold 'secondsClock:clock1|new_clk'
Slack : 0.349
TNS   : 0.000

Type  : Slow 1200mV 85C Model Hold 'clk'
Slack : 0.425
TNS   : 0.000

Type  : Slow 1200mV 85C Model Hold 'ovenClock:ovenClk|secondsClock:clock1|new_clk'
Slack : 0.797
TNS   : 0.000

Type  : Slow 1200mV 85C Model Minimum Pulse Width 'clk'
Slack : -3.000
TNS   : -43.687

Type  : Slow 1200mV 85C Model Minimum Pulse Width 'secondsClock:clock1|new_clk'
Slack : -1.403
TNS   : -53.314

Type  : Slow 1200mV 85C Model Minimum Pulse Width 'bakingState:bake|secondsClock:clock4|new_clk'
Slack : -1.403
TNS   : -46.299

Type  : Slow 1200mV 85C Model Minimum Pulse Width 'temp_input:tmp_in|secondsClock:clock2|new_clk'
Slack : -1.403
TNS   : -26.657

Type  : Slow 1200mV 85C Model Minimum Pulse Width 'ovenClock:ovenClk|secondsClock:clock1|new_clk'
Slack : -1.403
TNS   : -22.448

Type  : Slow 1200mV 0C Model Setup 'bakingState:bake|secondsClock:clock4|new_clk'
Slack : -15.708
TNS   : -248.408

Type  : Slow 1200mV 0C Model Setup 'secondsClock:clock1|new_clk'
Slack : -4.247
TNS   : -81.376

Type  : Slow 1200mV 0C Model Setup 'clk'
Slack : -2.736
TNS   : -72.119

Type  : Slow 1200mV 0C Model Setup 'ovenClock:ovenClk|secondsClock:clock1|new_clk'
Slack : -1.984
TNS   : -24.226

Type  : Slow 1200mV 0C Model Setup 'temp_input:tmp_in|secondsClock:clock2|new_clk'
Slack : -1.540
TNS   : -16.975

Type  : Slow 1200mV 0C Model Hold 'bakingState:bake|secondsClock:clock4|new_clk'
Slack : 0.296
TNS   : 0.000

Type  : Slow 1200mV 0C Model Hold 'secondsClock:clock1|new_clk'
Slack : 0.312
TNS   : 0.000

Type  : Slow 1200mV 0C Model Hold 'temp_input:tmp_in|secondsClock:clock2|new_clk'
Slack : 0.313
TNS   : 0.000

Type  : Slow 1200mV 0C Model Hold 'clk'
Slack : 0.392
TNS   : 0.000

Type  : Slow 1200mV 0C Model Hold 'ovenClock:ovenClk|secondsClock:clock1|new_clk'
Slack : 0.725
TNS   : 0.000

Type  : Slow 1200mV 0C Model Minimum Pulse Width 'clk'
Slack : -3.000
TNS   : -43.687

Type  : Slow 1200mV 0C Model Minimum Pulse Width 'secondsClock:clock1|new_clk'
Slack : -1.403
TNS   : -53.314

Type  : Slow 1200mV 0C Model Minimum Pulse Width 'bakingState:bake|secondsClock:clock4|new_clk'
Slack : -1.403
TNS   : -46.299

Type  : Slow 1200mV 0C Model Minimum Pulse Width 'temp_input:tmp_in|secondsClock:clock2|new_clk'
Slack : -1.403
TNS   : -26.657

Type  : Slow 1200mV 0C Model Minimum Pulse Width 'ovenClock:ovenClk|secondsClock:clock1|new_clk'
Slack : -1.403
TNS   : -22.448

Type  : Fast 1200mV 0C Model Setup 'bakingState:bake|secondsClock:clock4|new_clk'
Slack : -6.324
TNS   : -95.200

Type  : Fast 1200mV 0C Model Setup 'secondsClock:clock1|new_clk'
Slack : -1.284
TNS   : -18.342

Type  : Fast 1200mV 0C Model Setup 'clk'
Slack : -0.704
TNS   : -16.582

Type  : Fast 1200mV 0C Model Setup 'ovenClock:ovenClk|secondsClock:clock1|new_clk'
Slack : -0.438
TNS   : -4.168

Type  : Fast 1200mV 0C Model Setup 'temp_input:tmp_in|secondsClock:clock2|new_clk'
Slack : -0.155
TNS   : -0.945

Type  : Fast 1200mV 0C Model Hold 'bakingState:bake|secondsClock:clock4|new_clk'
Slack : 0.145
TNS   : 0.000

Type  : Fast 1200mV 0C Model Hold 'temp_input:tmp_in|secondsClock:clock2|new_clk'
Slack : 0.152
TNS   : 0.000

Type  : Fast 1200mV 0C Model Hold 'secondsClock:clock1|new_clk'
Slack : 0.153
TNS   : 0.000

Type  : Fast 1200mV 0C Model Hold 'clk'
Slack : 0.170
TNS   : 0.000

Type  : Fast 1200mV 0C Model Hold 'ovenClock:ovenClk|secondsClock:clock1|new_clk'
Slack : 0.315
TNS   : 0.000

Type  : Fast 1200mV 0C Model Minimum Pulse Width 'clk'
Slack : -3.000
TNS   : -33.040

Type  : Fast 1200mV 0C Model Minimum Pulse Width 'secondsClock:clock1|new_clk'
Slack : -1.000
TNS   : -38.000

Type  : Fast 1200mV 0C Model Minimum Pulse Width 'bakingState:bake|secondsClock:clock4|new_clk'
Slack : -1.000
TNS   : -33.000

Type  : Fast 1200mV 0C Model Minimum Pulse Width 'temp_input:tmp_in|secondsClock:clock2|new_clk'
Slack : -1.000
TNS   : -19.000

Type  : Fast 1200mV 0C Model Minimum Pulse Width 'ovenClock:ovenClk|secondsClock:clock1|new_clk'
Slack : -1.000
TNS   : -16.000

------------------------------------------------------------
